// Jest Snapshot v1, https://goo.gl/fbAQLP

exports[`Icon should render properly 1`] = `
<IconWrapper
  src="/media/icons/check.svg"
  width={20}
/>
`;
