// Jest Snapshot v1, https://goo.gl/fbAQLP

exports[`App logOut should return an action 1`] = `
Object {
  "payload": Object {},
  "type": "USER_LOGOUT",
}
`;

exports[`App login should return an action 1`] = `
Object {
  "payload": Object {},
  "type": "USER_LOGIN",
}
`;
