// Jest Snapshot v1, https://goo.gl/fbAQLP

exports[`User should handle USER_LOGIN 1`] = `
Object {
  "isAuthenticated": false,
  "status": "running",
}
`;

exports[`User should handle USER_LOGIN_SUCCESS 1`] = `
Object {
  "isAuthenticated": true,
  "status": "ready",
}
`;

exports[`User should handle USER_LOGOUT 1`] = `
Object {
  "isAuthenticated": false,
  "status": "running",
}
`;

exports[`User should handle USER_LOGOUT_SUCCESS 1`] = `
Object {
  "isAuthenticated": false,
  "status": "idle",
}
`;

exports[`User should return the initial state 1`] = `
Object {
  "isAuthenticated": false,
  "status": "idle",
}
`;
