// Jest Snapshot v1, https://goo.gl/fbAQLP

exports[`App should handle HIDE_ALERT 1`] = `
Object {
  "alerts": Array [],
}
`;

exports[`App should handle SHOW_ALERT 1`] = `
Object {
  "alerts": Array [
    Object {
      "icon": undefined,
      "id": "test",
      "message": "HELLO",
      "position": "bottom-right",
      "timeout": 5,
      "variant": "dark",
    },
  ],
}
`;

exports[`App should return the initial state 1`] = `
Object {
  "alerts": Array [],
}
`;
