// Jest Snapshot v1, https://goo.gl/fbAQLP

exports[`Home should render properly 1`] = `
.c5 {
  box-sizing: border-box;
  text-transform: uppercase;
  background-color: #2E2E2E;
  border: 1px solid #2E2E2E;
  color: #fff;
  -webkit-align-items: center;
  -webkit-box-align: center;
  -ms-flex-align: center;
  align-items: center;
  border-radius: 0px;
  box-shadow: none;
  cursor: pointer;
  display: -webkit-inline-box;
  display: -webkit-inline-flex;
  display: -ms-inline-flexbox;
  display: inline-flex;
  font-family: inherit;
  font-size: 22px;
  -webkit-box-pack: center;
  -webkit-justify-content: center;
  -ms-flex-pack: center;
  justify-content: center;
  line-height: 1;
  padding: 14px 20px;
  -webkit-text-decoration: none;
  text-decoration: none;
  width: auto;
}

.c5:disabled {
  pointer-events: none;
  opacity: 0.7;
}

.c5:focus {
  outline-color: #2E2E2E;
}

.c5 .c7 {
  margin-left: 5px;
}

.c6 {
  box-sizing: border-box;
  margin-left: 8px;
}

.c0 {
  background: #000 linear-gradient(to bottom,#00657e 0%,#002529 100%) fixed;
  color: #fff;
  min-height: 100vh;
  overflow: hidden;
  position: relative;
}

.c0:before {
  background: linear-gradient(to bottom,#000,#fff);
  bottom: 0;
  content: '';
  left: 0;
  opacity: 0.4;
  position: absolute;
  right: 0;
  top: 0;
  -webkit-transform: rotate(-20deg) scale(2) translate(0,45%);
  -ms-transform: rotate(-20deg) scale(2) translate(0,45%);
  transform: rotate(-20deg) scale(2) translate(0,45%);
}

.c3 {
  -webkit-align-items: flex-start;
  -webkit-box-align: flex-start;
  -ms-flex-align: flex-start;
  align-items: flex-start;
  display: -webkit-inline-box;
  display: -webkit-inline-flex;
  display: -ms-inline-flexbox;
  display: inline-flex;
  font-size: 0;
}

.c3 svg {
  height: 4.2rem;
  max-height: 100%;
  width: auto;
}

.c1 {
  box-sizing: border-box;
  margin-left: auto;
  margin-right: auto;
  padding-left: 16px;
  padding-right: 16px;
  max-width: 1440px;
  position: relative;
  width: 100%;
  padding-bottom: 16px;
  padding-top: 16px;
  -webkit-align-items: center;
  -webkit-box-align: center;
  -ms-flex-align: center;
  align-items: center;
  display: -webkit-box;
  display: -webkit-flex;
  display: -ms-flexbox;
  display: flex;
  -webkit-flex-direction: column;
  -ms-flex-direction: column;
  flex-direction: column;
  -webkit-box-pack: center;
  -webkit-justify-content: center;
  -ms-flex-pack: center;
  justify-content: center;
  min-height: 100vh;
}

.c2 {
  margin-bottom: 16px;
  text-align: center;
}

.c2 svg {
  height: 10rem;
  width: auto;
}

.c4 {
  color: #fff;
  font-size: 3.5rem;
  line-height: 1.4;
  margin-bottom: 16px;
  margin-top: 0;
  text-align: center;
}

@media (min-width:768px) {
  .c1 {
    padding-bottom: 32px;
    padding-top: 32px;
  }
}

@media (min-width:1024px) {
  .c1 {
    padding-bottom: 64px;
    padding-top: 64px;
  }
}

@media (min-width:768px) {
  .c1 {
    padding-left: 32px;
    padding-right: 32px;
  }
}

@media (min-width:1024px) {
  .c2 svg {
    height: 15rem;
  }
}

@media (min-width:1024px) {
  .c4 {
    font-size: 4rem;
  }
}

<Background
  data-testid="HomeWrapper"
  key="Home"
>
  <div
    className="c0"
    data-testid="HomeWrapper"
  >
    <HomeContainer
      verticalPadding={true}
    >
      <div
        className="c1"
      >
        <Header>
          <div
            className="c2"
          >
            <Wrapper>
              <div
                className="c3"
              >
                SVG
              </div>
            </Wrapper>
          </div>
        </Header>
        <Heading>
          <h1
            className="c4"
          >
            React Redux Saga Boilerplate
          </h1>
        </Heading>
        <Button
          animate={false}
          as="button"
          block={false}
          bordered={false}
          dark={false}
          data-testid="Login"
          disabled={false}
          onClick={[Function]}
          size="xl"
          textTransform="uppercase"
          type="button"
          variant="primary"
        >
          <button
            className="c5"
            data-testid="Login"
            disabled={false}
            onClick={[Function]}
            size="xl"
            type="button"
          >
            <IconWrapper
              src="/media/icons/sign-in.svg"
              width={20}
            />
            <Text
              as="span"
              ml={2}
            >
              <span
                className="c6"
              >
                Start
              </span>
            </Text>
          </button>
        </Button>
      </div>
    </HomeContainer>
  </div>
</Background>
`;
