// Jest Snapshot v1, https://goo.gl/fbAQLP

exports[`NotFound should render properly 1`] = `
.c2 {
  box-sizing: border-box;
  font-size: 100px;
  font-size: 100;
  font-family: inherit;
  font-weight: 700;
  line-height: 1.4;
  margin-bottom: 0;
  margin-top: 16px;
}

.c2:first-child {
  margin-top: 0;
}

.c3 {
  box-sizing: border-box;
  font-size: 32px;
  font-family: inherit;
  font-weight: 700;
  line-height: 1.4;
  margin-bottom: 0;
  margin-top: 16px;
}

.c3:first-child {
  margin-top: 0;
}

.c0 {
  background: #000 linear-gradient(to bottom,#00657e 0%,#002529 100%) fixed;
  color: #fff;
  min-height: 100vh;
  overflow: hidden;
  position: relative;
}

.c0:before {
  background: linear-gradient(to bottom,#000,#fff);
  bottom: 0;
  content: '';
  left: 0;
  opacity: 0.4;
  position: absolute;
  right: 0;
  top: 0;
  -webkit-transform: rotate(-20deg) scale(2) translate(0,45%);
  -ms-transform: rotate(-20deg) scale(2) translate(0,45%);
  transform: rotate(-20deg) scale(2) translate(0,45%);
}

.c1 {
  box-sizing: border-box;
  margin-left: auto;
  margin-right: auto;
  padding-left: 16px;
  padding-right: 16px;
  max-width: 1440px;
  position: relative;
  width: 100%;
  -webkit-align-items: stretch;
  -webkit-box-align: stretch;
  -ms-flex-align: stretch;
  align-items: stretch;
  display: -webkit-box;
  display: -webkit-flex;
  display: -ms-flexbox;
  display: flex;
  -webkit-flex-direction: column;
  -ms-flex-direction: column;
  flex-direction: column;
  min-height: 100vh;
  -webkit-box-pack: center;
  -webkit-justify-content: center;
  -ms-flex-pack: center;
  justify-content: center;
  padding-bottom: 16px;
  padding-top: 16px;
  -webkit-align-items: center;
  -webkit-box-align: center;
  -ms-flex-align: center;
  align-items: center;
  text-align: center;
}

.c1 h1,
.c1 a {
  color: #fff;
  line-height: 1;
}

.c1 a {
  -webkit-text-decoration: underline;
  text-decoration: underline;
}

@media (min-width:768px) {
  .c1 {
    padding-bottom: 32px;
    padding-top: 32px;
  }
}

@media (min-width:1024px) {
  .c1 {
    padding-bottom: 64px;
    padding-top: 64px;
  }
}

@media (min-width:768px) {
  .c1 {
    padding-left: 32px;
    padding-right: 32px;
  }
}

<Background
  key="404"
>
  <div
    className="c0"
  >
    <StyledContainer
      layout="fullScreen"
      verticalPadding={true}
    >
      <div
        className="c1"
      >
        <Heading
          as="h1"
          fontSize={100}
        >
          <h1
            className="c2"
            fontSize={100}
          >
            404
          </h1>
        </Heading>
        <a
          href="/"
          onClick={[Function]}
        >
          <Heading
            as="h2"
          >
            <h2
              className="c3"
            >
              go home
            </h2>
          </Heading>
        </a>
      </div>
    </StyledContainer>
  </div>
</Background>
`;
